// Jest Snapshot v1, https://goo.gl/fbAQLP

exports[`Employee add form snapshot should render the employee add form feilds 1`] = `
[
  <div
    className="MuiPaper-root MuiPaper-elevation MuiPaper-rounded MuiPaper-elevation1 MuiCard-root css-1bwk6yd-MuiPaper-root-MuiCard-root"
  >
    <div
      className="css-7s17j4"
    >
      Employee Manager
    </div>
  </div>,
  <div
    className="MuiContainer-root MuiContainer-maxWidthLg css-1oqqzyl-MuiContainer-root"
  >
    <div
      className="MuiPaper-root MuiPaper-elevation MuiPaper-rounded MuiPaper-elevation1 MuiCard-root css-oonc48-MuiPaper-root-MuiCard-root"
    >
      <div
        aria-owns={null}
        className="MuiAutocomplete-root css-4xbbh5-MuiAutocomplete-root"
        onClick={[Function]}
        onKeyDown={[Function]}
        onMouseDown={[Function]}
        style={
          {
            "float": "left",
            "marginBottom": 10,
            "width": "30%",
          }
        }
      >
        <div
          className="MuiFormControl-root MuiFormControl-fullWidth MuiTextField-root css-wb57ya-MuiFormControl-root-MuiTextField-root"
        >
          <label
            className="MuiFormLabel-root MuiInputLabel-root MuiInputLabel-formControl MuiInputLabel-animated MuiInputLabel-sizeSmall MuiInputLabel-outlined MuiFormLabel-colorPrimary MuiInputLabel-root MuiInputLabel-formControl MuiInputLabel-animated MuiInputLabel-sizeSmall MuiInputLabel-outlined css-1pysi21-MuiFormLabel-root-MuiInputLabel-root"
            data-shrink={false}
            htmlFor="employee-search"
            id="employee-search-label"
          >
            Search employee by firstname
          </label>
          <div
            className="MuiInputBase-root MuiOutlinedInput-root MuiInputBase-colorPrimary MuiInputBase-fullWidth MuiInputBase-formControl MuiInputBase-sizeSmall MuiAutocomplete-inputRoot css-md26zr-MuiInputBase-root-MuiOutlinedInput-root"
            onClick={[Function]}
          >
            <input
              aria-activedescendant={null}
              aria-autocomplete="list"
              aria-expanded={false}
              aria-invalid={false}
              autoCapitalize="none"
              autoComplete="off"
              autoFocus={false}
              className="MuiInputBase-input MuiOutlinedInput-input MuiInputBase-inputTypeSearch MuiInputBase-inputSizeSmall MuiAutocomplete-input MuiAutocomplete-inputFocused css-1o6kl88-MuiInputBase-input-MuiOutlinedInput-input"
              id="employee-search"
              onAnimationStart={[Function]}
              onBlur={[Function]}
              onChange={[Function]}
              onFocus={[Function]}
              onMouseDown={[Function]}
              readOnly={false}
              required={false}
              role="combobox"
              spellCheck="false"
              type="search"
              value=""
            />
            <fieldset
              aria-hidden={true}
              className="MuiOutlinedInput-notchedOutline css-1d3z3hw-MuiOutlinedInput-notchedOutline"
            >
              <legend
                className="css-yjsfm1"
              >
                <span>
                  Search employee by firstname
                </span>
              </legend>
            </fieldset>
          </div>
        </div>
      </div>
      <button
        className="MuiButtonBase-root MuiButton-root MuiButton-contained MuiButton-containedPrimary MuiButton-sizeMedium MuiButton-containedSizeMedium MuiButton-root MuiButton-contained MuiButton-containedPrimary MuiButton-sizeMedium MuiButton-containedSizeMedium css-sghohy-MuiButtonBase-root-MuiButton-root"
        disabled={false}
        onBlur={[Function]}
        onClick={[Function]}
        onContextMenu={[Function]}
        onDragLeave={[Function]}
        onFocus={[Function]}
        onKeyDown={[Function]}
        onKeyUp={[Function]}
        onMouseDown={[Function]}
        onMouseLeave={[Function]}
        onMouseUp={[Function]}
        onTouchEnd={[Function]}
        onTouchMove={[Function]}
        onTouchStart={[Function]}
        style={
          {
            "marginLeft": 10,
          }
        }
        tabIndex={0}
        type="button"
      >
        Search
      </button>
      <div
        onClick={[Function]}
      >
        <label
          aria-label="upload picture"
          className="MuiButtonBase-root MuiIconButton-root MuiIconButton-colorPrimary MuiIconButton-sizeMedium css-1kuq5xv-MuiButtonBase-root-MuiIconButton-root"
          onBlur={[Function]}
          onContextMenu={[Function]}
          onDragLeave={[Function]}
          onFocus={[Function]}
          onKeyDown={[Function]}
          onKeyUp={[Function]}
          onMouseDown={[Function]}
          onMouseLeave={[Function]}
          onMouseUp={[Function]}
          onTouchEnd={[Function]}
          onTouchMove={[Function]}
          onTouchStart={[Function]}
          role="button"
          tabIndex={0}
        >
          <svg
            aria-hidden={true}
            className="MuiSvgIcon-root MuiSvgIcon-fontSizeMedium css-i4bv87-MuiSvgIcon-root"
            data-testid="RefreshIcon"
            focusable="false"
            viewBox="0 0 24 24"
          >
            <path
              d="M17.65 6.35C16.2 4.9 14.21 4 12 4c-4.42 0-7.99 3.58-7.99 8s3.57 8 7.99 8c3.73 0 6.84-2.55 7.73-6h-2.08c-.82 2.33-3.04 4-5.65 4-3.31 0-6-2.69-6-6s2.69-6 6-6c1.66 0 3.14.69 4.22 1.78L13 11h7V4l-2.35 2.35z"
            />
          </svg>
        </label>
      </div>
      <div
        onClick={[Function]}
        style={{}}
      >
        <button
          className="MuiButtonBase-root Mui-disabled MuiIconButton-root Mui-disabled MuiIconButton-colorPrimary MuiIconButton-sizeMedium css-1kuq5xv-MuiButtonBase-root-MuiIconButton-root"
          disabled={true}
          onBlur={[Function]}
          onContextMenu={[Function]}
          onDragLeave={[Function]}
          onFocus={[Function]}
          onKeyDown={[Function]}
          onKeyUp={[Function]}
          onMouseDown={[Function]}
          onMouseLeave={[Function]}
          onMouseUp={[Function]}
          onTouchEnd={[Function]}
          onTouchMove={[Function]}
          onTouchStart={[Function]}
          tabIndex={-1}
          type="button"
        >
          <svg
            aria-hidden={true}
            className="MuiSvgIcon-root MuiSvgIcon-fontSizeMedium css-i4bv87-MuiSvgIcon-root"
            data-testid="SortByAlphaIcon"
            focusable="false"
            viewBox="0 0 24 24"
          >
            <path
              d="M14.94 4.66h-4.72l2.36-2.36zm-4.69 14.71h4.66l-2.33 2.33zM6.1 6.27 1.6 17.73h1.84l.92-2.45h5.11l.92 2.45h1.84L7.74 6.27H6.1zm-1.13 7.37 1.94-5.18 1.94 5.18H4.97zm10.76 2.5h6.12v1.59h-8.53v-1.29l5.92-8.56h-5.88v-1.6h8.3v1.26l-5.93 8.6z"
            />
          </svg>
        </button>
      </div>
      <div
        onClick={[Function]}
        style={
          {
            "float": "right",
          }
        }
      >
        <button
          className="MuiButtonBase-root Mui-disabled MuiIconButton-root Mui-disabled MuiIconButton-colorPrimary MuiIconButton-sizeMedium css-1kuq5xv-MuiButtonBase-root-MuiIconButton-root"
          disabled={true}
          onBlur={[Function]}
          onContextMenu={[Function]}
          onDragLeave={[Function]}
          onFocus={[Function]}
          onKeyDown={[Function]}
          onKeyUp={[Function]}
          onMouseDown={[Function]}
          onMouseLeave={[Function]}
          onMouseUp={[Function]}
          onTouchEnd={[Function]}
          onTouchMove={[Function]}
          onTouchStart={[Function]}
          tabIndex={-1}
          type="button"
        >
          <svg
            aria-hidden={true}
            className="MuiSvgIcon-root MuiSvgIcon-fontSizeMedium css-i4bv87-MuiSvgIcon-root"
            data-testid="TocIcon"
            focusable="false"
            viewBox="0 0 24 24"
          >
            <path
              d="M3 9h14V7H3v2zm0 4h14v-2H3v2zm0 4h14v-2H3v2zm16 0h2v-2h-2v2zm0-10v2h2V7h-2zm0 6h2v-2h-2v2z"
            />
          </svg>
        </button>
      </div>
      <a
        className="MuiButtonBase-root MuiButton-root MuiButton-text MuiButton-textPrimary MuiButton-sizeMedium MuiButton-textSizeMedium MuiButton-root MuiButton-text MuiButton-textPrimary MuiButton-sizeMedium MuiButton-textSizeMedium css-1e6y48t-MuiButtonBase-root-MuiButton-root"
        href="/employee-add"
        onBlur={[Function]}
        onClick={[Function]}
        onContextMenu={[Function]}
        onDragLeave={[Function]}
        onFocus={[Function]}
        onKeyDown={[Function]}
        onKeyUp={[Function]}
        onMouseDown={[Function]}
        onMouseLeave={[Function]}
        onMouseUp={[Function]}
        onTouchEnd={[Function]}
        onTouchMove={[Function]}
        onTouchStart={[Function]}
        style={
          {
            "float": "right",
          }
        }
        tabIndex={0}
      >
        Add Employee
      </a>
      <span
        className="MuiCircularProgress-root MuiCircularProgress-indeterminate MuiCircularProgress-colorPrimary css-18lrjg1-MuiCircularProgress-root"
        role="progressbar"
        style={
          {
            "height": 40,
            "marginLeft": "50%",
            "marginTop": "10%",
            "width": 40,
          }
        }
      >
        <svg
          className="MuiCircularProgress-svg css-1idz92c-MuiCircularProgress-svg"
          viewBox="22 22 44 44"
        >
          <circle
            className="MuiCircularProgress-circle MuiCircularProgress-circleIndeterminate css-176wh8e-MuiCircularProgress-circle"
            cx={44}
            cy={44}
            fill="none"
            r={20.2}
            strokeWidth={3.6}
            style={{}}
          />
        </svg>
      </span>
    </div>
  </div>,
  <div
    className="MuiPaper-root MuiPaper-elevation MuiPaper-rounded MuiPaper-elevation1 MuiCard-root css-h1npum-MuiPaper-root-MuiCard-root"
    title="Add Employee"
  >
    <div
      className="MuiCardContent-root css-46bh2p-MuiCardContent-root"
    >
      <p
        className="MuiTypography-root MuiTypography-body1 MuiTypography-gutterBottom css-16m3jxf-MuiTypography-root"
      >
        Add Employee
      </p>
      <div
        className="MuiBox-root css-0"
      >
        <form
          action="#"
          onReset={[Function]}
          onSubmit={[Function]}
        >
          <div
            className="MuiFormControl-root MuiFormControl-marginNormal MuiFormControl-fullWidth MuiTextField-root css-17vbkzs-MuiFormControl-root-MuiTextField-root"
          >
            <label
              className="MuiFormLabel-root MuiInputLabel-root MuiInputLabel-formControl MuiInputLabel-animated MuiInputLabel-outlined MuiFormLabel-colorPrimary MuiInputLabel-root MuiInputLabel-formControl MuiInputLabel-animated MuiInputLabel-outlined css-14s5rfu-MuiFormLabel-root-MuiInputLabel-root"
              data-shrink={false}
              htmlFor="firstname"
              id="firstname-label"
            >
              First Name
            </label>
            <div
              className="MuiInputBase-root MuiOutlinedInput-root MuiInputBase-colorPrimary MuiInputBase-fullWidth MuiInputBase-formControl css-md26zr-MuiInputBase-root-MuiOutlinedInput-root"
              onClick={[Function]}
            >
              <input
                aria-describedby="firstname-helper-text"
                aria-invalid={false}
                autoFocus={false}
                className="MuiInputBase-input MuiOutlinedInput-input css-1t8l2tu-MuiInputBase-input-MuiOutlinedInput-input"
                disabled={false}
                id="firstname"
                name="firstname"
                onAnimationStart={[Function]}
                onBlur={[Function]}
                onChange={[Function]}
                onFocus={[Function]}
                required={false}
                type="text"
                value=""
              />
              <fieldset
                aria-hidden={true}
                className="MuiOutlinedInput-notchedOutline css-1d3z3hw-MuiOutlinedInput-notchedOutline"
              >
                <legend
                  className="css-yjsfm1"
                >
                  <span>
                    First Name
                  </span>
                </legend>
              </fieldset>
            </div>
            <p
              className="MuiFormHelperText-root MuiFormHelperText-sizeMedium MuiFormHelperText-contained css-1wc848c-MuiFormHelperText-root"
              id="firstname-helper-text"
            />
          </div>
          <div
            className="MuiFormControl-root MuiFormControl-marginNormal MuiFormControl-fullWidth MuiTextField-root css-17vbkzs-MuiFormControl-root-MuiTextField-root"
          >
            <label
              className="MuiFormLabel-root MuiInputLabel-root MuiInputLabel-formControl MuiInputLabel-animated MuiInputLabel-outlined MuiFormLabel-colorPrimary MuiInputLabel-root MuiInputLabel-formControl MuiInputLabel-animated MuiInputLabel-outlined css-14s5rfu-MuiFormLabel-root-MuiInputLabel-root"
              data-shrink={false}
              htmlFor="lastname"
              id="lastname-label"
            >
              Last Name
            </label>
            <div
              className="MuiInputBase-root MuiOutlinedInput-root MuiInputBase-colorPrimary MuiInputBase-fullWidth MuiInputBase-formControl css-md26zr-MuiInputBase-root-MuiOutlinedInput-root"
              onClick={[Function]}
            >
              <input
                aria-describedby="lastname-helper-text"
                aria-invalid={false}
                autoFocus={false}
                className="MuiInputBase-input MuiOutlinedInput-input css-1t8l2tu-MuiInputBase-input-MuiOutlinedInput-input"
                disabled={false}
                id="lastname"
                name="lastname"
                onAnimationStart={[Function]}
                onBlur={[Function]}
                onChange={[Function]}
                onFocus={[Function]}
                required={false}
                type="text"
                value=""
              />
              <fieldset
                aria-hidden={true}
                className="MuiOutlinedInput-notchedOutline css-1d3z3hw-MuiOutlinedInput-notchedOutline"
              >
                <legend
                  className="css-yjsfm1"
                >
                  <span>
                    Last Name
                  </span>
                </legend>
              </fieldset>
            </div>
            <p
              className="MuiFormHelperText-root MuiFormHelperText-sizeMedium MuiFormHelperText-contained css-1wc848c-MuiFormHelperText-root"
              id="lastname-helper-text"
            />
          </div>
          <div
            className="MuiFormControl-root MuiFormControl-marginNormal MuiFormControl-fullWidth MuiTextField-root css-17vbkzs-MuiFormControl-root-MuiTextField-root"
          >
            <label
              className="MuiFormLabel-root MuiInputLabel-root MuiInputLabel-formControl MuiInputLabel-animated MuiInputLabel-outlined MuiFormLabel-colorPrimary MuiInputLabel-root MuiInputLabel-formControl MuiInputLabel-animated MuiInputLabel-outlined css-14s5rfu-MuiFormLabel-root-MuiInputLabel-root"
              data-shrink={false}
              htmlFor="email"
              id="email-label"
            >
              Email
            </label>
            <div
              className="MuiInputBase-root MuiOutlinedInput-root MuiInputBase-colorPrimary MuiInputBase-fullWidth MuiInputBase-formControl css-md26zr-MuiInputBase-root-MuiOutlinedInput-root"
              onClick={[Function]}
            >
              <input
                aria-describedby="email-helper-text"
                aria-invalid={false}
                autoFocus={false}
                className="MuiInputBase-input MuiOutlinedInput-input css-1t8l2tu-MuiInputBase-input-MuiOutlinedInput-input"
                disabled={false}
                id="email"
                name="email"
                onAnimationStart={[Function]}
                onBlur={[Function]}
                onChange={[Function]}
                onFocus={[Function]}
                required={false}
                type="email"
                value=""
              />
              <fieldset
                aria-hidden={true}
                className="MuiOutlinedInput-notchedOutline css-1d3z3hw-MuiOutlinedInput-notchedOutline"
              >
                <legend
                  className="css-yjsfm1"
                >
                  <span>
                    Email
                  </span>
                </legend>
              </fieldset>
            </div>
            <p
              className="MuiFormHelperText-root MuiFormHelperText-sizeMedium MuiFormHelperText-contained css-1wc848c-MuiFormHelperText-root"
              id="email-helper-text"
            />
          </div>
          <div
            className="MuiFormControl-root MuiFormControl-marginNormal MuiFormControl-fullWidth MuiTextField-root css-17vbkzs-MuiFormControl-root-MuiTextField-root"
          >
            <label
              className="MuiFormLabel-root MuiInputLabel-root MuiInputLabel-formControl MuiInputLabel-animated MuiInputLabel-outlined MuiFormLabel-colorPrimary MuiInputLabel-root MuiInputLabel-formControl MuiInputLabel-animated MuiInputLabel-outlined css-14s5rfu-MuiFormLabel-root-MuiInputLabel-root"
              data-shrink={false}
              htmlFor="phone"
              id="phone-label"
            >
              Phone
            </label>
            <div
              className="MuiInputBase-root MuiOutlinedInput-root MuiInputBase-colorPrimary MuiInputBase-fullWidth MuiInputBase-formControl css-md26zr-MuiInputBase-root-MuiOutlinedInput-root"
              onClick={[Function]}
            >
              <input
                aria-describedby="phone-helper-text"
                aria-invalid={false}
                autoFocus={false}
                className="MuiInputBase-input MuiOutlinedInput-input css-1t8l2tu-MuiInputBase-input-MuiOutlinedInput-input"
                disabled={false}
                id="phone"
                name="phone"
                onAnimationStart={[Function]}
                onBlur={[Function]}
                onChange={[Function]}
                onFocus={[Function]}
                required={false}
                type="number"
                value=""
              />
              <fieldset
                aria-hidden={true}
                className="MuiOutlinedInput-notchedOutline css-1d3z3hw-MuiOutlinedInput-notchedOutline"
              >
                <legend
                  className="css-yjsfm1"
                >
                  <span>
                    Phone
                  </span>
                </legend>
              </fieldset>
            </div>
            <p
              className="MuiFormHelperText-root MuiFormHelperText-sizeMedium MuiFormHelperText-contained css-1wc848c-MuiFormHelperText-root"
              id="phone-helper-text"
            />
          </div>
          <div
            className="MuiFormControl-root MuiFormControl-marginNormal MuiFormControl-fullWidth css-1iledgx-MuiFormControl-root"
          >
            <label
              className="MuiFormLabel-root MuiInputLabel-root MuiInputLabel-formControl MuiInputLabel-animated MuiInputLabel-outlined MuiFormLabel-colorPrimary MuiInputLabel-root MuiInputLabel-formControl MuiInputLabel-animated MuiInputLabel-outlined css-14s5rfu-MuiFormLabel-root-MuiInputLabel-root"
              data-shrink={false}
              id="gender"
            >
              Gender
            </label>
            <div
              className="MuiInputBase-root MuiOutlinedInput-root MuiInputBase-colorPrimary MuiInputBase-formControl  css-1yk1gt9-MuiInputBase-root-MuiOutlinedInput-root-MuiSelect-root"
              onClick={[Function]}
            >
              <div
                aria-expanded="false"
                aria-haspopup="listbox"
                aria-labelledby="gender"
                className="MuiSelect-select MuiSelect-outlined MuiInputBase-input MuiOutlinedInput-input css-11u53oe-MuiSelect-select-MuiInputBase-input-MuiOutlinedInput-input"
                id="gender"
                onBlur={[Function]}
                onFocus={[Function]}
                onKeyDown={[Function]}
                onMouseDown={[Function]}
                role="button"
                tabIndex={0}
              >
                <span
                  className="notranslate"
                >
                  ​
                </span>
              </div>
              <input
                aria-hidden={true}
                className="MuiSelect-nativeInput css-yf8vq0-MuiSelect-nativeInput"
                disabled={false}
                name="gender"
                onAnimationStart={[Function]}
                onChange={[Function]}
                required={false}
                tabIndex={-1}
                value=""
              />
              <svg
                aria-hidden={true}
                className="MuiSvgIcon-root MuiSvgIcon-fontSizeMedium MuiSelect-icon MuiSelect-iconOutlined css-hfutr2-MuiSvgIcon-root-MuiSelect-icon"
                data-testid="ArrowDropDownIcon"
                focusable="false"
                viewBox="0 0 24 24"
              >
                <path
                  d="M7 10l5 5 5-5z"
                />
              </svg>
              <fieldset
                aria-hidden={true}
                className="MuiOutlinedInput-notchedOutline css-1d3z3hw-MuiOutlinedInput-notchedOutline"
              >
                <legend
                  className="css-yjsfm1"
                >
                  <span>
                    Gender
                  </span>
                </legend>
              </fieldset>
            </div>
            <p
              className="MuiFormHelperText-root MuiFormHelperText-sizeMedium MuiFormHelperText-contained css-1wc848c-MuiFormHelperText-root"
            />
          </div>
          <button
            className="MuiButtonBase-root MuiButton-root MuiButton-contained MuiButton-containedPrimary MuiButton-sizeMedium MuiButton-containedSizeMedium MuiButton-root MuiButton-contained MuiButton-containedPrimary MuiButton-sizeMedium MuiButton-containedSizeMedium css-sghohy-MuiButtonBase-root-MuiButton-root"
            disabled={false}
            onBlur={[Function]}
            onContextMenu={[Function]}
            onDragLeave={[Function]}
            onFocus={[Function]}
            onKeyDown={[Function]}
            onKeyUp={[Function]}
            onMouseDown={[Function]}
            onMouseLeave={[Function]}
            onMouseUp={[Function]}
            onTouchEnd={[Function]}
            onTouchMove={[Function]}
            onTouchStart={[Function]}
            tabIndex={0}
            type="submit"
          >
            Add Employee
          </button>
        </form>
      </div>
    </div>
  </div>,
]
`;
